// Jest Snapshot v1, https://goo.gl/fbAQLP

exports[`Filter component renders properly 1`] = `ShallowWrapper {}`;
