// Jest Snapshot v1, https://goo.gl/fbAQLP

exports[`MainPage correctly renders after relaunch 1`] = `ShallowWrapper {}`;
