// Jest Snapshot v1, https://goo.gl/fbAQLP

exports[`correct render of films list 1`] = `ShallowWrapper {}`;
