// Jest Snapshot v1, https://goo.gl/fbAQLP

exports[`video player renders properly 1`] = `ShallowWrapper {}`;
