// Jest Snapshot v1, https://goo.gl/fbAQLP

exports[`Small movie card renders correctly 1`] = `ShallowWrapper {}`;
